[15-Jul-2025 08:55:28 Europe/Berlin] === ADMIN SESSION CHECK DEBUG ===
[15-Jul-2025 08:55:28 Europe/Berlin] Request URL: /api/auth/admin-session-check
[15-Jul-2025 08:55:28 Europe/Berlin] HTTP Host: admin.stackovercash.site.local
[15-Jul-2025 08:55:28 Europe/Berlin] Session name: PHPSESSID
[15-Jul-2025 08:55:28 Europe/Berlin] Session ID: 
[15-Jul-2025 08:55:28 Europe/Berlin] All cookies: Array
(
    [STACKOVERCASH_SESSID_ADMIN] => s0pgsc8a98jkt8hjll5qo25ijs
    [STACKOVERCASH_SESSID] => nbrulu56j6ojsum96rg70r3nfo
    [STACKOVERCASH_SESSID_TELLER] => fmhj0s4vn0af36d97lk8cmjdvn
)

[15-Jul-2025 08:55:30 Europe/Berlin] Is authenticated: true
[15-Jul-2025 08:55:30 Europe/Berlin] Session data: Array
(
    [id] => 1
    [identifier] => admin
    [type] => admin
    [logged_in_at] => 1752542927
    [last_activity] => 1752562528
    [first_name] => System
    [last_name] => Administrator
    [phone_number] => 
    [email] => errawrs@gmail.com
)

[15-Jul-2025 08:55:30 Europe/Berlin] Is admin: true
[15-Jul-2025 08:55:30 Europe/Berlin] ✅ Admin session check successful
[15-Jul-2025 08:56:20 Europe/Berlin] === ADMIN SESSION CHECK DEBUG ===
[15-Jul-2025 08:56:20 Europe/Berlin] Request URL: /api/auth/admin-session-check
[15-Jul-2025 08:56:20 Europe/Berlin] HTTP Host: admin.stackovercash.site.local
[15-Jul-2025 08:56:20 Europe/Berlin] Session name: PHPSESSID
[15-Jul-2025 08:56:20 Europe/Berlin] Session ID: 
[15-Jul-2025 08:56:20 Europe/Berlin] All cookies: Array
(
    [STACKOVERCASH_SESSID_ADMIN] => s0pgsc8a98jkt8hjll5qo25ijs
    [STACKOVERCASH_SESSID] => nbrulu56j6ojsum96rg70r3nfo
    [STACKOVERCASH_SESSID_TELLER] => fmhj0s4vn0af36d97lk8cmjdvn
)

[15-Jul-2025 08:56:21 Europe/Berlin] Is authenticated: true
[15-Jul-2025 08:56:21 Europe/Berlin] Session data: Array
(
    [id] => 1
    [identifier] => admin
    [type] => admin
    [logged_in_at] => 1752542927
    [last_activity] => 1752562580
    [first_name] => System
    [last_name] => Administrator
    [phone_number] => 
    [email] => errawrs@gmail.com
)

[15-Jul-2025 08:56:21 Europe/Berlin] Is admin: true
[15-Jul-2025 08:56:21 Europe/Berlin] ✅ Admin session check successful
[15-Jul-2025 14:56:46 Asia/Manila] Teller reset password - Teller ID: 71
[15-Jul-2025 14:56:47 Asia/Manila] Attempting to send reset email to: ivandelumen62@gmail.com
[15-Jul-2025 14:56:51 Asia/Manila] Reset email sent successfully to: ivandelumen62@gmail.com
[15-Jul-2025 08:58:10 Europe/Berlin] === ADMIN SESSION CHECK DEBUG ===
[15-Jul-2025 08:58:10 Europe/Berlin] Request URL: /api/auth/admin-session-check
[15-Jul-2025 08:58:10 Europe/Berlin] HTTP Host: admin.stackovercash.site.local
[15-Jul-2025 08:58:10 Europe/Berlin] Session name: PHPSESSID
[15-Jul-2025 08:58:10 Europe/Berlin] Session ID: 
[15-Jul-2025 08:58:10 Europe/Berlin] All cookies: Array
(
    [STACKOVERCASH_SESSID_ADMIN] => s0pgsc8a98jkt8hjll5qo25ijs
    [STACKOVERCASH_SESSID] => nbrulu56j6ojsum96rg70r3nfo
    [STACKOVERCASH_SESSID_TELLER] => fmhj0s4vn0af36d97lk8cmjdvn
)

[15-Jul-2025 08:58:11 Europe/Berlin] Is authenticated: true
[15-Jul-2025 08:58:11 Europe/Berlin] Session data: Array
(
    [id] => 1
    [identifier] => admin
    [type] => admin
    [logged_in_at] => 1752542927
    [last_activity] => 1752562675
    [first_name] => System
    [last_name] => Administrator
    [phone_number] => 
    [email] => errawrs@gmail.com
)

[15-Jul-2025 08:58:11 Europe/Berlin] Is admin: true
[15-Jul-2025 08:58:11 Europe/Berlin] ✅ Admin session check successful
[15-Jul-2025 08:58:13 Europe/Berlin] === ADMIN SESSION CHECK DEBUG ===
[15-Jul-2025 08:58:13 Europe/Berlin] Request URL: /api/auth/admin-session-check
[15-Jul-2025 08:58:13 Europe/Berlin] HTTP Host: admin.stackovercash.site.local
[15-Jul-2025 08:58:13 Europe/Berlin] Session name: PHPSESSID
[15-Jul-2025 08:58:13 Europe/Berlin] Session ID: 
[15-Jul-2025 08:58:13 Europe/Berlin] All cookies: Array
(
    [STACKOVERCASH_SESSID_ADMIN] => s0pgsc8a98jkt8hjll5qo25ijs
    [STACKOVERCASH_SESSID] => nbrulu56j6ojsum96rg70r3nfo
    [STACKOVERCASH_SESSID_TELLER] => fmhj0s4vn0af36d97lk8cmjdvn
)

[15-Jul-2025 08:58:14 Europe/Berlin] Is authenticated: true
[15-Jul-2025 08:58:14 Europe/Berlin] Session data: Array
(
    [id] => 1
    [identifier] => admin
    [type] => admin
    [logged_in_at] => 1752542927
    [last_activity] => 1752562693
    [first_name] => System
    [last_name] => Administrator
    [phone_number] => 
    [email] => errawrs@gmail.com
)

[15-Jul-2025 08:58:14 Europe/Berlin] Is admin: true
[15-Jul-2025 08:58:14 Europe/Berlin] ✅ Admin session check successful
[15-Jul-2025 08:58:14 Europe/Berlin] === ADMIN SESSION CHECK DEBUG ===
[15-Jul-2025 08:58:14 Europe/Berlin] Request URL: /api/auth/admin-session-check
[15-Jul-2025 08:58:14 Europe/Berlin] HTTP Host: admin.stackovercash.site.local
[15-Jul-2025 08:58:14 Europe/Berlin] Session name: PHPSESSID
[15-Jul-2025 08:58:14 Europe/Berlin] Session ID: 
[15-Jul-2025 08:58:14 Europe/Berlin] All cookies: Array
(
    [STACKOVERCASH_SESSID_ADMIN] => s0pgsc8a98jkt8hjll5qo25ijs
    [STACKOVERCASH_SESSID] => nbrulu56j6ojsum96rg70r3nfo
    [STACKOVERCASH_SESSID_TELLER] => fmhj0s4vn0af36d97lk8cmjdvn
)

[15-Jul-2025 08:58:16 Europe/Berlin] Is authenticated: true
[15-Jul-2025 08:58:16 Europe/Berlin] Session data: Array
(
    [id] => 1
    [identifier] => admin
    [type] => admin
    [logged_in_at] => 1752542927
    [last_activity] => 1752562694
    [first_name] => System
    [last_name] => Administrator
    [phone_number] => 
    [email] => errawrs@gmail.com
)

[15-Jul-2025 08:58:16 Europe/Berlin] Is admin: true
[15-Jul-2025 08:58:16 Europe/Berlin] ✅ Admin session check successful
[15-Jul-2025 08:58:16 Europe/Berlin] === ADMIN SESSION CHECK DEBUG ===
[15-Jul-2025 08:58:16 Europe/Berlin] Request URL: /api/auth/admin-session-check
[15-Jul-2025 08:58:16 Europe/Berlin] HTTP Host: admin.stackovercash.site.local
[15-Jul-2025 08:58:16 Europe/Berlin] Session name: PHPSESSID
[15-Jul-2025 08:58:16 Europe/Berlin] Session ID: 
[15-Jul-2025 08:58:16 Europe/Berlin] All cookies: Array
(
    [STACKOVERCASH_SESSID_ADMIN] => s0pgsc8a98jkt8hjll5qo25ijs
    [STACKOVERCASH_SESSID] => nbrulu56j6ojsum96rg70r3nfo
    [STACKOVERCASH_SESSID_TELLER] => fmhj0s4vn0af36d97lk8cmjdvn
)

[15-Jul-2025 08:58:19 Europe/Berlin] Is authenticated: true
[15-Jul-2025 08:58:19 Europe/Berlin] Session data: Array
(
    [id] => 1
    [identifier] => admin
    [type] => admin
    [logged_in_at] => 1752542927
    [last_activity] => 1752562698
    [first_name] => System
    [last_name] => Administrator
    [phone_number] => 
    [email] => errawrs@gmail.com
)

[15-Jul-2025 08:58:19 Europe/Berlin] Is admin: true
[15-Jul-2025 08:58:19 Europe/Berlin] ✅ Admin session check successful
[15-Jul-2025 08:58:19 Europe/Berlin] Logout request received. User: admin
[15-Jul-2025 08:58:19 Europe/Berlin] === ADMIN SESSION CHECK DEBUG ===
[15-Jul-2025 08:58:19 Europe/Berlin] Request URL: /api/auth/admin-session-check
[15-Jul-2025 08:58:19 Europe/Berlin] HTTP Host: admin.stackovercash.site.local
[15-Jul-2025 08:58:19 Europe/Berlin] Session name: PHPSESSID
[15-Jul-2025 08:58:19 Europe/Berlin] Session ID: 
[15-Jul-2025 08:58:19 Europe/Berlin] All cookies: Array
(
    [STACKOVERCASH_SESSID_ADMIN] => s0pgsc8a98jkt8hjll5qo25ijs
    [STACKOVERCASH_SESSID] => nbrulu56j6ojsum96rg70r3nfo
    [STACKOVERCASH_SESSID_TELLER] => fmhj0s4vn0af36d97lk8cmjdvn
)

[15-Jul-2025 08:58:19 Europe/Berlin] Is authenticated: false
[15-Jul-2025 08:58:19 Europe/Berlin] ❌ Not authenticated
[15-Jul-2025 14:58:26 Asia/Manila] Session created with data: Array
(
    [auth] => Array
        (
            [id] => 1
            [identifier] => admin
            [type] => admin
            [logged_in_at] => 1752562706
            [last_activity] => 1752562706
            [first_name] => System
            [last_name] => Administrator
            [phone_number] => 
            [email] => errawrs@gmail.com
        )

)

[15-Jul-2025 14:58:26 Asia/Manila] Login successful. Response data: Array
(
    [success] => 1
    [message] => Login successful
    [user] => Array
        (
            [id] => 1
            [username] => admin
            [first_name] => System
            [last_name] => Administrator
            [email] => errawrs@gmail.com
        )

    [login_type] => admin
    [timestamp] => 2025-07-15 14:58:26
)

[15-Jul-2025 14:58:26 Asia/Manila] Session data after login: Array
(
    [auth] => Array
        (
            [id] => 1
            [identifier] => admin
            [type] => admin
            [logged_in_at] => 1752562706
            [last_activity] => 1752562706
            [first_name] => System
            [last_name] => Administrator
            [phone_number] => 
            [email] => errawrs@gmail.com
        )

    [adminInfo] => Array
        (
            [id] => 1
            [username] => admin
            [first_name] => System
            [last_name] => Administrator
            [email] => errawrs@gmail.com
        )

)

[15-Jul-2025 08:58:28 Europe/Berlin] === ADMIN SESSION CHECK DEBUG ===
[15-Jul-2025 08:58:28 Europe/Berlin] Request URL: /api/auth/admin-session-check
[15-Jul-2025 08:58:28 Europe/Berlin] HTTP Host: admin.stackovercash.site.local
[15-Jul-2025 08:58:28 Europe/Berlin] Session name: PHPSESSID
[15-Jul-2025 08:58:28 Europe/Berlin] Session ID: 
[15-Jul-2025 08:58:28 Europe/Berlin] All cookies: Array
(
    [STACKOVERCASH_SESSID] => nbrulu56j6ojsum96rg70r3nfo
    [STACKOVERCASH_SESSID_TELLER] => fmhj0s4vn0af36d97lk8cmjdvn
    [STACKOVERCASH_SESSID_ADMIN] => vmh70vldv6ch1g63vjdlslqt4u
)

[15-Jul-2025 08:58:28 Europe/Berlin] Is authenticated: true
[15-Jul-2025 08:58:28 Europe/Berlin] Session data: Array
(
    [id] => 1
    [identifier] => admin
    [type] => admin
    [logged_in_at] => 1752562706
    [last_activity] => 1752562706
    [first_name] => System
    [last_name] => Administrator
    [phone_number] => 
    [email] => errawrs@gmail.com
)

[15-Jul-2025 08:58:28 Europe/Berlin] Is admin: true
[15-Jul-2025 08:58:28 Europe/Berlin] ✅ Admin session check successful
[15-Jul-2025 08:58:31 Europe/Berlin] Logout request received. User: admin
